---
source: tui/src/bottom_pane/footer.rs
expression: terminal.backend()
---
"  / for commands                            shift + enter for newline           "
"  @ for file paths                          ctrl + v to paste images            "
"  esc again to edit previous message        ctrl + c to exit                    "
"                                            ctrl + t to view transcript         "
"                                            p 暂停连续模式                      " Hidden by multi-width symbols: [(47, " "), (49, " "), (51, " "), (53, " "), (55, " "), (57, " ")]
